TXT/10-anos-explorando-el-Universo.txt
TXT/Acceso-Abierto.txt
TXT/AprendiendoJava-y-POO.txt
TXT/AprendizajeInvisible.txt
TXT/Apuntes_Basicos_SQL.txt
TXT/Ataques-a-bases-de-datos.txt
TXT/Bases-de-Datos.txt
TXT/BD-Perspectiva-Practica-CC-BY-SA-3.0.txt
TXT/capitalismo_cog.txt
TXT/cero-absoluto-curiosidades-fisica-CC-BY-NC-ND.txt
TXT/Codificacion-Fractal-de-Imagenes.txt
TXT/codigo_fuente-la_remezcla.txt
TXT/conocimiento-como-practica.txt
TXT/criminalizacin.txt
TXT/Cultura-Libre-Digital.txt
TXT/Culturalibre.txt
TXT/David-Bravo-Copia-este-libro.txt
TXT/Derecho_de_autor_El_debate.txt
TXT/Diseno-conceptual-Bases-de-datos.txt
TXT/Ejercicios-de-Programacion-en-Java.txt
TXT/El_kit_de_la_lucha_en_Internet-Tds.txt
TXT/El-Proyecto-de-Investigacion.txt
TXT/El-Sendero-Del-Hacker.txt
TXT/El-universo-de-nuestros-abuelos.txt
TXT/Encuentro-sobre-didactica-de-la-estadistica.txt
TXT/En_el_principio_fue_la_la_linea_de_comandos.txt
TXT/Eso-que-llamamos-Logica.txt
TXT/Estadistica-para-Ingenieros.txt
TXT/Fractales-ITCR.txt
TXT/Fractales.txt
TXT/Fuckowski-memorias_de_un_ingeniero.txt
TXT/Fundamentos-de-programacion-C-Java.txt
TXT/GuiaBasicaSobreElSoftwareLibre.txt
TXT/Guia-derecho-Software-Fuentes-Abiertas.txt
TXT/Hackers-Clanes-en-la-Red.txt
TXT/Internet-Hackers-Software-Libre.txt
TXT/introduccion-android.txt
TXT/Introduccion-teoria-de-numeros-2014.txt
TXT/La_Caza_De_Hackers.txt
TXT/La-ruta-hacia-las-smart-cities.txt
TXT/la-sociedad-de-control.txt
TXT/LaTeX_2012.txt
TXT/libre_como_en_libertad.txt
TXT/Libro-Java-FCLD.txt
TXT/libro_manualcopyleft.txt
TXT/libros-inmortales.txt
TXT/Logica.txt
TXT/Los-Abacos.txt
TXT/Los-Numeros-enteros-y-racionales-en-el-aula-de-primaria.txt
TXT/Los-origenes-de-la-informatica.txt
TXT/Los_piratas_son_los_padres.txt
TXT/Manual_de_Datos_Abiertos.txt
TXT/Manual_de_desobediencia_a_la_Ley_Sinde-Tds.txt
TXT/Matematicas-Recreativas-Perelman.txt
TXT/Mecanica-de-fluidos.txt
TXT/Mercaderes-en-el-templo.txt
TXT/metaforas_que_nos_piensan.txt
TXT/Monopolios_Artificiales_sobre_Bienes_Intangibles.txt
TXT/optica-electromagnetica.txt
TXT/planilandia.txt
TXT/Polo-sur-CC-BY-NC-ND.txt
TXT/Por_una_cultura_libre-Tds.txt
TXT/Programacion-Basica-En-Java.txt
TXT/ProhibidoPensar-PropiedadPrivada.txt
TXT/SentidoSocial.txt
TXT/Sin_Cortinas_Esp.txt
TXT/Sistemas_gestores_de_Bases-de-Datos_2009_2010.txt
TXT/sobre-la-teoria-relatividad.txt
TXT/softlibre-enriquecido.txt
TXT/Software_libre-TdSs.txt
TXT/techno_rebelde.txt
TXT/Tecnicas-de-computacion-cientifica-celeste.txt
TXT/Teoria-de-juegos-Universidad-Cantabria.txt
TXT/Topicos-Avanzados-Bases-Datos-CC-BY-SA-3.0.txt
TXT/troyano_2007_book.txt
TXT/UNA-AL-DIA-V-2-0.txt
